[southpark2-beige.vercel.app/index.html]
[southpark2-beige.vercel.app/assets/img/apple-touch-icon.0.delayed]
[southpark2-beige.vercel.app/assets/img/logo.png]
[southpark2-beige.vercel.app/assets/img/site.2.delayed]
[backblue.gif]
[fade.gif]
[index.html]
[southpark2-beige.vercel.app/assets/img/favicon.ico]
[southpark2-beige.vercel.app/assets/css/main.css]
[southpark2-beige.vercel.app/assets/audio/audio.mp3]
[southpark2-beige.vercel.app/assets/img/enter/1.png]
[southpark2-beige.vercel.app/assets/img/enter/2.png]
[southpark2-beige.vercel.app/assets/img/enter/3.png]
[southpark2-beige.vercel.app/assets/img/enter/4.png]
[southpark2-beige.vercel.app/index-2.html]
[southpark2-beige.vercel.app/assets/img/logo2.png]
[southpark2-beige.vercel.app/assets/img/about-us/background.d.delayed]
[southpark2-beige.vercel.app/assets/img/about-us/illustration.gif]
[southpark2-beige.vercel.app/assets/img/final/sonof.gif]
[southpark2-beige.vercel.app/index.html]
[southpark2-beige.vercel.app/assets/img/apple-touch-icon.html]
[southpark2-beige.vercel.app/assets/img/site.html]
[southpark2-beige.vercel.app/assets/img/safari-pinned-tab.svg]
[southpark2-beige.vercel.app/assets/js/app.js]
[southpark2-beige.vercel.app/assets/fonts/BryndanWriteBook.ttf]
[southpark2-beige.vercel.app/assets/fonts/Simpsonfont.otf]
[southpark2-beige.vercel.app/assets/img/enter/background.png]
[southpark2-beige.vercel.app/assets/img/hero/background.png]
[southpark2-beige.vercel.app/assets/img/tokenomics/background.png]
[southpark2-beige.vercel.app/assets/css/main.css]
[southpark2-beige.vercel.app/index-2.html]
[southpark2-beige.vercel.app/assets/img/about-us/background.html]
[southpark2-beige.vercel.app/assets/img/final/background.svg]
